<!DOCTYPE html>
<html>
<head>
  <title>grunt-injector</title>
  <!-- injector:html -->
  <!-- endinjector -->
  <!-- injector:css -->
  <link rel="stylesheet" href="/bower_components/fake/fake.css">
  <link rel="stylesheet" href="/bower_components/fake-dev/fake-dev.css">
  <!-- endinjector -->
  <!-- injector:bower:css -->
  <!-- endinjector -->
</head>
<body>

  <!-- injector:bower:js -->
  <!-- endinjector -->
  <!-- injector:js -->
  <script src="/bower_components/fake/fake.min.js"></script>
  <script src="/bower_components/fake-dev/fake-dev.min.js"></script>
  <!-- endinjector -->
</body>
</html>
