<!DOCTYPE html>
<html>
<head>
  <title>grunt-injector</title>
</head>
<body>
  <!-- injector:groupByTarget -->
  <!-- endinjector -->

  <!-- injector:customTarget -->
  <script src="/test/fixtures/script.js"></script>
  <script src="/test/fixtures/script2.js"></script>
  <link rel="stylesheet" href="/test/fixtures/style.css">
  <link rel="import" href="/test/fixtures/component.html">
  <!-- endinjector -->
</body>
</html>
